[1/144] QD q0 list 7.23s turns=3 tools=1 items=['contracts/sakura-trading/distribution-202410', 'contracts/sakura-trading/supply-202510', 'contracts/sakura-trading/supply-202604'] (Σ $0.03)
[2/144] E q0 list 7.99s turns=4 tools=2 items=['contracts/sakura-trading/distribution-202410', 'contracts/sakura-trading/supply-202604', 'contracts/sakura-trading/supply-202510'] (Σ $0.06)
[3/144] V q0 list 6.27s turns=4 tools=2 items=['contracts/sakura-trading/distribution-202410', 'contracts/sakura-trading/supply-202510', 'contracts/sakura-trading/supply-202604'] (Σ $0.08)
[4/144] V q2 list 8.31s turns=4 tools=2 items=['policies/jp/shipping-v2', 'policies/jp/returns-v2', 'policies/jp/gift-wrap-v2'] (Σ $0.10)
[5/144] QD q1 list 10.67s turns=5 tools=3 items=['sop/warehouse/labeling', 'sop/warehouse/returns-processing', 'sop/warehouse/branch-01/returns-processing-126'] (Σ $0.15)
[6/144] E q2 list 11.26s turns=5 tools=3 items=['policies/jp/shipping-v2', 'policies/jp/returns-v2', 'policies/jp/gift-wrap-v2'] (Σ $0.17)
[7/144] V q1 list 13.21s turns=4 tools=2 items=['sop/warehouse/labeling', 'sop/warehouse/returns-processing', 'sop/warehouse/branch-14/cold-storage-2733'] (Σ $0.22)
[8/144] E q1 list 14.78s turns=4 tools=2 items=['sop/warehouse/labeling', 'sop/warehouse/returns-processing', 'sop/warehouse/branch-18/hazmat-788'] (Σ $0.26)
[9/144] QD q2 list 6.72s turns=4 tools=2 items=['policies/jp/gift-wrap-v2', 'policies/jp/installment-v2', 'policies/jp/loyalty-v2'] (Σ $0.28)
[10/144] QD q3 list 12.67s turns=3 tools=1 items=['announcements/security-training-3', 'announcements/security-training-4', 'meetings/cs/2026-03-10-security-review-2845'] (Σ $0.33)
[11/144] V q3 list 16.12s turns=5 tools=3 items=['announcements/security-training-3', 'announcements/security-training-4', 'meetings/cs/2026-03-10-security-review-2845'] (Σ $0.49)
[12/144] E q4 list 21.41s turns=6 tools=4 items=['contracts/customer-139/maintenance-202410-608', 'contracts/customer-139/maintenance-202501-876', 'contracts/customer-139/maintenance-202411-1668'] (Σ $0.64)
[13/144] E q3 list 26.43s turns=6 tools=4 items=['announcements/security-training-3', 'announcements/security-training-4', 'policies/sg/privacy-2840'] (Σ $0.74)
[14/144] QD q4 list 20.03s turns=4 tools=2 items=['contracts/customer-146/distribution-202410-413', 'contracts/customer-171/maintenance-202410-2341', 'contracts/customer-139/maintenance-202410-608'] (Σ $0.89)
[15/144] V q4 list 31.46s turns=6 tools=4 items=['contracts/acme-corp/installation-202605', 'contracts/customer-001/installation-202605-800', 'contracts/customer-001/supply-202510-89'] (Σ $1.14)
[16/144] E q5 list 21.04s turns=6 tools=4 items=['products/washer/hk-wa5751-913', 'products/washer/hk-wa4537-1154', 'products/washer/hk-wa7968-614'] (Σ $1.20)
[17/144] E q6 list 11.11s turns=5 tools=3 items=['meetings/hr/2026-01-10-security-review-2130', 'meetings/hr/2026-01-17-launch-496', 'meetings/hr/2026-01-18-hiring-1731'] (Σ $1.26)
[18/144] V q5 list 23.08s turns=5 tools=2 items=['products/air-purifier/hk-ai1425-1999', 'products/air-purifier/hk-ai2031-2549', 'products/air-purifier/hk-ai3280-1575'] (Σ $1.38)
[19/144] V q6 list 13.03s turns=4 tools=2 items=['meetings/hr/2026-01-10-security-review-2130', 'meetings/hr/2026-01-17-launch-496', 'meetings/hr/2026-01-18-hiring-1731'] (Σ $1.44)
[20/144] QD q5 list 22.86s turns=7 tools=5 items=['products/aircon/hk-ai432', 'products/aircon/hk-ai1239-396', 'products/aircon/hk-ai1441-67'] (Σ $1.54)
[21/144] QD q6 list 15.67s turns=4 tools=2 items=['meetings/hr/2026-01-10-security-review-2130', 'meetings/hr/2026-01-17-launch-496', 'meetings/hr/2026-01-18-hiring-1731'] (Σ $1.61)
[22/144] E q7 list 10.64s turns=4 tools=2 items=['sop/cs/refund-approval', 'sop/cs/escalation', 'sop/cs/chat-handling'] (Σ $1.66)
[23/144] E q8 version 9.09s turns=6 tools=4 items=['policies/vn/returns-v2'] (Σ $1.68)
[24/144] V q8 version 7.41s turns=6 tools=4 items=['policies/vn/returns-v2'] (Σ $1.71)
[25/144] QD q7 list 13.86s turns=3 tools=1 items=['sop/cs/chat-handling', 'sop/cs/escalation', 'sop/cs/refund-approval'] (Σ $1.75)
[26/144] E q9 version 7.08s turns=6 tools=4 items=['policies/jp/returns-v2'] (Σ $1.77)
[27/144] QD q8 version 9.15s turns=5 tools=3 items=['policies/vn/returns-v2'] (Σ $1.79)
[28/144] V q9 version 6.83s turns=6 tools=4 items=['policies/jp/returns-v2'] (Σ $1.81)
[29/144] V q7 list 19.6s turns=4 tools=2 items=['sop/cs/chat-handling', 'sop/cs/escalation', 'sop/cs/refund-approval'] (Σ $1.87)
[30/144] QD q9 version 6.02s turns=4 tools=2 items=['policies/jp/returns-v2'] (Σ $1.89)
[31/144] E q10 version 7.01s turns=5 tools=3 items=['policies/jp/shipping-v2'] (Σ $1.90)
[32/144] V q10 version 6.87s turns=4 tools=2 items=['policies/jp/shipping-v2'] (Σ $1.92)
[33/144] QD q10 version 6.8s turns=5 tools=3 items=['policies/jp/shipping-v2'] (Σ $1.94)
[34/144] V q11 version 7.85s turns=6 tools=4 items=['policies/vn/warranty-air-purifier-v2'] (Σ $1.97)
[35/144] E q11 version 10.34s turns=5 tools=3 items=['policies/vn/warranty-air-purifier-v2'] (Σ $1.99)
[36/144] QD q11 version 6.43s turns=5 tools=3 items=['policies/vn/warranty-air-purifier-v2'] (Σ $2.03)
[37/144] E q12 version 6.55s turns=5 tools=3 items=['policies/vn/warranty-rice-cooker-v2'] (Σ $2.06)
[38/144] V q12 version 7.37s turns=6 tools=4 items=['policies/vn/warranty-rice-cooker-v2'] (Σ $2.08)
[39/144] QD q12 version 6.23s turns=4 tools=2 items=['policies/vn/warranty-rice-cooker-v2'] (Σ $2.10)
[40/144] E q13 version 6.88s turns=5 tools=3 items=['policies/vn/installment-v2'] (Σ $2.12)
[41/144] QD q13 version 7.33s turns=5 tools=3 items=['policies/vn/installment-v2'] (Σ $2.14)
[42/144] V q13 version 8.01s turns=4 tools=2 items=['policies/vn/installment-v2'] (Σ $2.16)
[43/144] E q14 version 9.64s turns=6 tools=4 items=['policies/jp/installment-v2'] (Σ $2.18)
[44/144] QD q14 version 6.88s turns=6 tools=4 items=['policies/jp/installment-v2'] (Σ $2.21)
[45/144] V q14 version 10.36s turns=4 tools=2 items=['policies/jp/installment-v2'] (Σ $2.22)
[46/144] E q15 version 6.93s turns=4 tools=2 items=['policies/vn/loyalty-v2'] (Σ $2.24)
[47/144] V q15 version 7.92s turns=4 tools=2 items=['policies/vn/loyalty-v2'] (Σ $2.26)
[48/144] QD q15 version 7.26s turns=4 tools=2 items=['policies/vn/loyalty-v2'] (Σ $2.28)
[49/144] QD q16 count 8.75s turns=3 tools=1 items=[] (Σ $2.34)
[50/144] V q16 count 10.45s turns=6 tools=4 items=[] (Σ $2.45)
[51/144] E q17 count 9.12s turns=6 tools=4 items=['meetings/sales/2026-04-02-kpi-1682', 'meetings/sales/2026-04-06-launch', 'meetings/sales/2026-04-07-kpi'] (Σ $2.53)
[52/144] E q16 count 15.87s turns=4 tools=2 items=[] (Σ $2.62)
[53/144] V q17 count 9.59s turns=3 tools=1 items=['meetings/sales/2026-04-02-kpi-1682', 'meetings/sales/2026-04-06-launch', 'meetings/sales/2026-04-07-kpi'] (Σ $2.66)
[54/144] QD q17 count 10.07s turns=4 tools=2 items=['meetings/sales/2026-04-02-kpi-1682', 'meetings/sales/2026-04-06-launch', 'meetings/sales/2026-04-07-kpi'] (Σ $2.71)
[55/144] E q18 count 12.0s turns=5 tools=3 items=['sop/warehouse/branch-18/hazmat-788', 'sop/warehouse/branch-18/stock-count-1788', 'sop/warehouse/branch-04/hazmat-2390'] (Σ $2.78)
[56/144] V q18 count 12.83s turns=5 tools=3 items=['sop/warehouse/branch-18/hazmat-788', 'sop/warehouse/branch-18/stock-count-1788', 'sop/warehouse/branch-04/hazmat-2390'] (Σ $2.85)
[57/144] QD q18 count 8.65s turns=4 tools=2 items=[] (Σ $2.87)
[58/144] E q19 count 9.65s turns=4 tools=2 items=['policies/vn/gift-wrap-v2', 'policies/vn/installment-v2', 'policies/vn/loyalty-v2'] (Σ $2.90)
[59/144] V q20 count 4.65s turns=3 tools=1 items=['faq/privacy-4', 'faq/privacy-5', 'policies/jp/privacy-v2'] (Σ $2.91)
[60/144] V q19 count 9.1s turns=4 tools=2 items=['policies/vn/shipping-v2', 'policies/vn/gift-wrap-v2', 'policies/vn/installment-v2'] (Σ $2.93)
[61/144] QD q19 count 7.02s turns=3 tools=1 items=['policies/vn/gift-wrap-v2', 'policies/vn/installment-v2', 'policies/vn/loyalty-v2'] (Σ $2.95)
[62/144] QD q20 count 6.61s turns=3 tools=1 items=['faq/privacy-4', 'faq/privacy-5', 'policies/jp/privacy-v2'] (Σ $2.96)
[63/144] E q20 count 9.53s turns=4 tools=2 items=['policies/th/privacy-716', 'policies/sg/privacy-2840', 'policies/sg/privacy-312'] (Σ $2.98)
[64/144] QD q21 count 7.27s turns=4 tools=2 items=['contracts/acme-corp/distribution-202604', 'contracts/acme-corp/installation-202604', 'contracts/acme-corp/installation-202605'] (Σ $3.00)
[65/144] V q21 count 8.87s turns=3 tools=1 items=['contracts/acme-corp/distribution-202604', 'contracts/acme-corp/installation-202604', 'contracts/acme-corp/installation-202605'] (Σ $3.02)
[66/144] E q21 count 10.18s turns=5 tools=3 items=['contracts/acme-corp/maintenance-202505', 'contracts/acme-corp/distribution-202604', 'contracts/acme-corp/installation-202604'] (Σ $3.06)
[67/144] V q22 count 7.03s turns=3 tools=1 items=['CS', 'HR', 'IT'] (Σ $3.11)
[68/144] QD q22 count 4.77s turns=3 tools=1 items=[] (Σ $3.15)
[69/144] E q22 count 11.33s turns=3 tools=1 items=[] (Σ $3.18)
[70/144] V q24 facet 4.9s turns=3 tools=1 items=['CS', 'Legal'] (Σ $3.19)
[71/144] QD q23 count 8.42s turns=3 tools=1 items=[] (Σ $3.26)
[72/144] E q24 facet 7.19s turns=4 tools=2 items=['CS', 'Legal'] (Σ $3.27)
[73/144] QD q24 facet 7.98s turns=3 tools=1 items=['CS', 'Legal'] (Σ $3.29)
[74/144] E q23 count 19.69s turns=10 tools=8 items=[] (Σ $3.38)
[75/144] V q23 count 22.28s turns=9 tools=7 items=[] (Σ $3.59)
[76/144] E q26 facet 5.73s turns=4 tools=2 items=['washer', 'aircon', 'rice-cooker'] (Σ $3.61)
[77/144] QD q25 facet 8.02s turns=4 tools=2 items=['Customer 139'] (Σ $3.70)
[78/144] V q26 facet 5.76s turns=4 tools=2 items=['washer', 'fridge', 'air-purifier'] (Σ $3.73)
[79/144] E q27 facet 6.86s turns=3 tools=1 items=['cs', 'hr', 'it'] (Σ $3.75)
[80/144] V q25 facet 22.36s turns=7 tools=5 items=['Customer 139'] (Σ $3.95)
[81/144] V q27 facet 4.56s turns=3 tools=1 items=['CS', 'HR', 'IT'] (Σ $4.00)
[82/144] E q25 facet 23.52s turns=7 tools=5 items=['Customer 139'] (Σ $4.10)
[83/144] QD q26 facet 10.96s turns=6 tools=4 items=['aircon', 'fridge', 'rice-cooker'] (Σ $4.14)
[84/144] QD q27 facet 5.19s turns=3 tools=1 items=['CS', 'HR', 'Warehouse'] (Σ $4.16)
[85/144] V q29 facet 8.62s turns=3 tools=1 items=['policies/jp/installment-v3', 'policies/vn/installment-v3', 'policies/vn/gift-wrap-v3'] (Σ $4.22)
[86/144] E q29 facet 12.13s turns=4 tools=2 items=['policies/jp/installment-v3', 'policies/vn/installment-v3', 'policies/vn/loyalty-v3'] (Σ $4.26)
[87/144] E q28 facet 17.82s turns=5 tools=3 items=['acme-corp', 'minh-phat-jsc', 'saigon-hotels-group'] (Σ $4.40)
[88/144] QD q28 facet 17.22s turns=4 tools=2 items=['Minh Phat JSC', 'Customer 039', 'Customer 092'] (Σ $4.49)
[89/144] V q28 facet 19.47s turns=4 tools=2 items=['ACME Corp', 'Minh Phat JSC', 'Saigon Hotels Group'] (Σ $4.63)
[90/144] QD q29 facet 9.63s turns=3 tools=1 items=['policies/jp/installment-v3', 'policies/vn/gift-wrap-v3', 'policies/vn/installment-v3'] (Σ $4.66)
[91/144] QD q30 sheet 5.45s turns=4 tools=2 items=[] (Σ $4.67)
[92/144] QD q31 sheet 7.37s turns=4 tools=2 items=[] (Σ $4.68)
[93/144] E q31 sheet 13.15s turns=8 tools=6 items=[] (Σ $4.71)
[94/144] E q30 sheet 21.56s turns=5 tools=3 items=[] (Σ $4.82)
[95/144] V q31 sheet 16.13s turns=7 tools=5 items=[] (Σ $4.85)
[96/144] V q30 sheet 21.49s turns=6 tools=4 items=[] (Σ $4.92)
[97/144] QD q32 sheet 6.88s turns=4 tools=2 items=[] (Σ $4.94)
[98/144] QD q33 sheet 5.64s turns=4 tools=2 items=['2026-04'] (Σ $4.95)
[99/144] E q32 sheet 17.91s turns=5 tools=3 items=[] (Σ $5.07)
[100/144] V q32 sheet 18.84s turns=4 tools=2 items=[] (Σ $5.18)
[101/144] E q33 sheet 15.74s turns=8 tools=6 items=[] (Σ $5.21)
[102/144] QD q34 sheet 7.36s turns=4 tools=2 items=[] (Σ $5.23)
[103/144] V q33 sheet 36.6s turns=13 tools=11 items=[] (Σ $5.32)
[104/144] QD q35 sheet 6.46s turns=5 tools=3 items=['SKU-AI009'] (Σ $5.34)
[105/144] E q35 sheet 31.91s turns=9 tools=7 items=['SKU-AI009'] (Σ $5.45)
[106/144] E q36 sheet 7.85s turns=6 tools=4 items=[] (Σ $5.50)
[107/144] QD q36 sheet 6.01s turns=4 tools=2 items=[] (Σ $5.51)
[108/144] V q36 sheet 11.85s turns=6 tools=4 items=[] (Σ $5.57)
[109/144] E q37 sheet 5.49s turns=4 tools=2 items=[] (Σ $5.58)
[110/144] V q37 sheet 6.41s turns=4 tools=2 items=[] (Σ $5.59)
[111/144] QD q37 sheet 4.54s turns=3 tools=1 items=[] (Σ $5.60)
[112/144] E q34 sheet 57.54s turns=7 tools=5 items=[] (Σ $5.75)
[113/144] V q34 sheet 58.95s turns=6 tools=4 items=[] (Σ $5.91)
[114/144] V q35 sheet 49.14s turns=10 tools=8 items=['SKU-AI156'] (Σ $6.19)
[115/144] QD q38 sheet 5.89s turns=4 tools=2 items=[] (Σ $6.20)
[116/144] QD q39 sheet 6.94s turns=4 tools=2 items=[] (Σ $6.21)
[117/144] E q40 content 9.2s turns=5 tools=3 items=['sop/warehouse/receiving'] (Σ $6.23)
[118/144] V q40 content 11.87s turns=6 tools=4 items=['sop/warehouse/receiving'] (Σ $6.27)
[119/144] E q38 sheet 45.53s turns=10 tools=7 items=[] (Σ $6.54)
[120/144] V q38 sheet 44.84s turns=9 tools=7 items=[] (Σ $6.78)
[121/144] QD q40 content 11.65s turns=6 tools=4 items=['sop/warehouse/receiving'] (Σ $6.81)
[122/144] V q41 content 7.76s turns=5 tools=3 items=[] (Σ $6.83)
[123/144] E q41 content 10.52s turns=7 tools=5 items=['sop/warehouse/stock-count'] (Σ $6.87)
[124/144] QD q41 content 9.76s turns=4 tools=2 items=[] (Σ $6.89)
[125/144] E q42 content 7.38s turns=5 tools=3 items=['sop/warehouse/packing'] (Σ $6.92)
[126/144] V q39 sheet 59.57s turns=7 tools=5 items=[] (Σ $7.08)
[127/144] E q39 sheet 60.22s turns=7 tools=5 items=[] (Σ $7.24)
[128/144] QD q42 content 6.87s turns=4 tools=2 items=['sop/warehouse/packing'] (Σ $7.25)
[129/144] V q42 content 10.02s turns=5 tools=3 items=['sop/warehouse/packing'] (Σ $7.28)
[130/144] E q43 content 6.65s turns=5 tools=3 items=[] (Σ $7.30)
[131/144] V q43 content 7.17s turns=5 tools=3 items=['sop/warehouse/forklift'] (Σ $7.32)
[132/144] E q44 content 6.66s turns=4 tools=2 items=['contracts/acme-corp/distribution-202604'] (Σ $7.34)
[133/144] QD q43 content 9.59s turns=6 tools=4 items=['sop/warehouse/forklift'] (Σ $7.36)
[134/144] V q44 content 8.87s turns=5 tools=3 items=['contracts/acme-corp/distribution-202604'] (Σ $7.39)
[135/144] QD q44 content 7.12s turns=4 tools=2 items=['contracts/acme-corp/distribution-202604'] (Σ $7.41)
[136/144] V q45 content 6.95s turns=5 tools=3 items=['contracts/sakura-trading/distribution-202410'] (Σ $7.43)
[137/144] E q45 content 8.04s turns=5 tools=3 items=['contracts/sakura-trading/distribution-202410'] (Σ $7.45)
[138/144] QD q45 content 6.65s turns=4 tools=2 items=['contracts/sakura-trading/distribution-202410'] (Σ $7.46)
[139/144] E q46 content 6.37s turns=4 tools=2 items=[] (Σ $7.48)
[140/144] V q46 content 6.63s turns=4 tools=2 items=['products/air-purifier/hk-ai659'] (Σ $7.50)
[141/144] QD q46 content 6.55s turns=4 tools=2 items=[] (Σ $7.52)
[142/144] E q47 content 6.7s turns=4 tools=2 items=[] (Σ $7.54)
[143/144] V q47 content 5.19s turns=4 tools=2 items=[] (Σ $7.56)
[144/144] QD q47 content 6.54s turns=4 tools=2 items=[] (Σ $7.57)
