[1/192] QD q0 list 7.72s turns=3 tools=1 items=['contracts/sakura-trading/distribution-202410', 'contracts/sakura-trading/supply-202510', 'contracts/sakura-trading/supply-202604'] (Σ $0.04)
[2/192] E q0 list 7.63s turns=4 tools=2 items=['contracts/sakura-trading/distribution-202410', 'contracts/sakura-trading/supply-202604', 'contracts/sakura-trading/supply-202510'] (Σ $0.08)
[3/192] V q0 list 6.11s turns=4 tools=2 items=['contracts/sakura-trading/distribution-202410', 'contracts/sakura-trading/supply-202510', 'contracts/sakura-trading/supply-202604'] (Σ $0.12)
[4/192] Q q0 list 7.28s turns=3 tools=1 items=['contracts/sakura-trading/distribution-202410', 'contracts/sakura-trading/supply-202510', 'contracts/sakura-trading/supply-202604'] (Σ $0.16)
[5/192] E q1 list 5.66s turns=4 tools=2 items=['sop/warehouse/labeling', 'sop/warehouse/returns-processing'] (Σ $0.17)
[6/192] QD q1 list 6.32s turns=3 tools=1 items=['sop/warehouse/labeling', 'sop/warehouse/returns-processing'] (Σ $0.18)
[7/192] Q q1 list 7.83s turns=4 tools=2 items=['sop/warehouse/labeling', 'sop/warehouse/returns-processing'] (Σ $0.19)
[8/192] E q2 list 8.53s turns=4 tools=2 items=['policies/jp/shipping-v2', 'policies/jp/gift-wrap-v2', 'policies/jp/warranty-air-purifier-v2'] (Σ $0.21)
[9/192] V q1 list 10.6s turns=4 tools=2 items=['sop/warehouse/returns-processing', 'sop/warehouse/labeling'] (Σ $0.22)
[10/192] V q2 list 6.38s turns=4 tools=2 items=['policies/jp/returns-v2', 'policies/jp/installment-v2', 'policies/jp/shipping-v2'] (Σ $0.23)
[11/192] Q q2 list 7.4s turns=3 tools=1 items=['policies/jp/gift-wrap-v2', 'policies/jp/installment-v2', 'policies/jp/loyalty-v2'] (Σ $0.25)
[12/192] QD q2 list 7.48s turns=3 tools=1 items=['policies/jp/gift-wrap-v2', 'policies/jp/installment-v2', 'policies/jp/loyalty-v2'] (Σ $0.27)
[13/192] V q3 list 6.66s turns=3 tools=1 items=['announcements/security-training-3', 'announcements/security-training-4', 'meetings/hr/2026-07-04-security-review'] (Σ $0.29)
[14/192] E q3 list 9.01s turns=5 tools=3 items=['announcements/security-training-3', 'announcements/security-training-4', 'policies/jp/privacy-v2'] (Σ $0.31)
[15/192] Q q3 list 6.56s turns=3 tools=1 items=['announcements/security-training-3', 'announcements/security-training-4', 'meetings/hr/2026-07-04-security-review'] (Σ $0.33)
[16/192] QD q3 list 6.58s turns=3 tools=1 items=['announcements/security-training-3', 'announcements/security-training-4', 'meetings/hr/2026-07-04-security-review'] (Σ $0.34)
[17/192] E q4 list 8.77s turns=4 tools=2 items=['contracts/saigon-hotels-group/installation-202404', 'contracts/sakura-trading/supply-202604', 'contracts/acme-corp/installation-202605'] (Σ $0.37)
[18/192] Q q4 list 6.65s turns=3 tools=1 items=['contracts/sakura-trading/supply-202604', 'contracts/saigon-hotels-group/installation-202404', 'contracts/acme-corp/installation-202605'] (Σ $0.39)
[19/192] QD q4 list 7.17s turns=3 tools=1 items=['contracts/sakura-trading/supply-202604', 'contracts/saigon-hotels-group/installation-202404', 'contracts/acme-corp/installation-202605'] (Σ $0.40)
[20/192] V q4 list 8.87s turns=3 tools=1 items=['contracts/sakura-trading/supply-202604', 'contracts/saigon-hotels-group/installation-202404', 'contracts/acme-corp/installation-202605'] (Σ $0.43)
[21/192] E q5 list 10.85s turns=4 tools=2 items=['products/rice-cooker/hk-ri804', 'products/rice-cooker/hk-ri346', 'products/rice-cooker/hk-ri655'] (Σ $0.47)
[22/192] QD q5 list 5.92s turns=4 tools=2 items=['products/air-purifier/hk-ai856', 'products/aircon/hk-ai432', 'products/fridge/hk-fr159'] (Σ $0.49)
[23/192] V q5 list 8.74s turns=4 tools=2 items=['products/air-purifier/hk-ai856', 'products/aircon/hk-ai432', 'products/fridge/hk-fr159'] (Σ $0.51)
[24/192] Q q5 list 9.74s turns=5 tools=3 items=['products/air-purifier/hk-ai856', 'products/aircon/hk-ai432', 'products/fridge/hk-fr159'] (Σ $0.54)
[25/192] E q6 list 8.67s turns=4 tools=2 items=['meetings/hr/2026-06-08-hiring', 'meetings/hr/2026-06-30-hiring', 'meetings/hr/2026-06-30-budget'] (Σ $0.57)
[26/192] Q q6 list 6.24s turns=3 tools=1 items=['meetings/hr/2026-06-08-hiring', 'meetings/hr/2026-06-30-budget', 'meetings/hr/2026-06-30-hiring'] (Σ $0.58)
[27/192] V q6 list 8.83s turns=4 tools=2 items=['meetings/hr/2026-06-08-hiring', 'meetings/hr/2026-06-30-budget', 'meetings/hr/2026-06-30-hiring'] (Σ $0.61)
[28/192] E q7 list 6.48s turns=4 tools=2 items=['sop/cs/ticket-triage', 'sop/cs/escalation', 'sop/cs/chat-handling'] (Σ $0.62)
[29/192] V q7 list 6.08s turns=4 tools=2 items=['sop/cs/ticket-triage', 'sop/cs/escalation', 'sop/cs/chat-handling'] (Σ $0.63)
[30/192] QD q6 list 9.18s turns=3 tools=1 items=['meetings/hr/2026-06-08-hiring', 'meetings/hr/2026-06-30-budget', 'meetings/hr/2026-06-30-hiring'] (Σ $0.65)
[31/192] Q q7 list 5.16s turns=3 tools=1 items=['sop/cs/chat-handling', 'sop/cs/escalation', 'sop/cs/refund-approval'] (Σ $0.66)
[32/192] QD q7 list 7.11s turns=3 tools=1 items=['sop/cs/chat-handling', 'sop/cs/escalation', 'sop/cs/refund-approval'] (Σ $0.68)
[33/192] E q8 version 8.0s turns=6 tools=4 items=['policies/vn/returns-v2'] (Σ $0.70)
[34/192] V q8 version 8.92s turns=6 tools=4 items=['policies/vn/returns-v2'] (Σ $0.73)
[35/192] Q q8 version 9.21s turns=5 tools=3 items=['policies/vn/returns-v2'] (Σ $0.75)
[36/192] QD q8 version 9.55s turns=5 tools=3 items=['policies/vn/returns-v2'] (Σ $0.77)
[37/192] E q9 version 6.22s turns=6 tools=4 items=['policies/jp/returns-v2'] (Σ $0.79)
[38/192] V q9 version 6.65s turns=6 tools=4 items=['policies/jp/returns-v2'] (Σ $0.81)
[39/192] Q q9 version 7.02s turns=4 tools=2 items=['policies/jp/returns-v2'] (Σ $0.83)
[40/192] QD q9 version 7.36s turns=4 tools=2 items=['policies/jp/returns-v2'] (Σ $0.84)
[41/192] V q10 version 7.01s turns=5 tools=3 items=['policies/jp/shipping-v2'] (Σ $0.86)
[42/192] E q10 version 8.41s turns=5 tools=3 items=['policies/jp/shipping-v2'] (Σ $0.88)
[43/192] Q q10 version 6.12s turns=4 tools=2 items=['policies/jp/shipping-v2'] (Σ $0.90)
[44/192] QD q10 version 5.97s turns=5 tools=3 items=['policies/jp/shipping-v2'] (Σ $0.91)
[45/192] E q11 version 6.4s turns=5 tools=3 items=['policies/vn/warranty-air-purifier-v2'] (Σ $0.94)
[46/192] QD q11 version 7.33s turns=5 tools=3 items=['policies/vn/warranty-air-purifier-v2'] (Σ $0.96)
[47/192] Q q11 version 7.52s turns=5 tools=3 items=['policies/vn/warranty-air-purifier-v2'] (Σ $0.99)
[48/192] V q11 version 9.91s turns=6 tools=4 items=[] (Σ $1.01)
[49/192] E q12 version 7.93s turns=5 tools=3 items=['policies/vn/warranty-rice-cooker-v2'] (Σ $1.03)
[50/192] V q12 version 7.49s turns=6 tools=4 items=['policies/vn/warranty-rice-cooker-v2'] (Σ $1.06)
[51/192] QD q12 version 7.1s turns=5 tools=3 items=['policies/vn/warranty-rice-cooker-v2'] (Σ $1.08)
[52/192] Q q12 version 8.17s turns=5 tools=2 items=['policies/vn/warranty-rice-cooker-v2'] (Σ $1.10)
[53/192] V q13 version 7.87s turns=5 tools=3 items=['policies/vn/installment-v2'] (Σ $1.12)
[54/192] E q13 version 9.17s turns=4 tools=2 items=['policies/vn/installment-v2'] (Σ $1.14)
[55/192] Q q13 version 7.29s turns=5 tools=3 items=['policies/vn/installment-v2'] (Σ $1.16)
[56/192] E q14 version 7.06s turns=5 tools=3 items=['policies/jp/installment-v2'] (Σ $1.18)
[57/192] QD q13 version 9.38s turns=5 tools=3 items=['policies/vn/installment-v2'] (Σ $1.20)
[58/192] QD q14 version 7.6s turns=5 tools=3 items=['policies/jp/installment-v2'] (Σ $1.22)
[59/192] V q14 version 11.39s turns=6 tools=4 items=['policies/jp/installment-v2'] (Σ $1.25)
[60/192] Q q14 version 13.33s turns=7 tools=5 items=['policies/jp/installment-v2'] (Σ $1.28)
[61/192] E q15 version 9.59s turns=6 tools=4 items=['policies/vn/loyalty-v2'] (Σ $1.30)
[62/192] Q q15 version 6.41s turns=4 tools=2 items=['policies/vn/loyalty-v2'] (Σ $1.32)
[63/192] V q15 version 9.49s turns=6 tools=4 items=['policies/vn/loyalty-v2'] (Σ $1.34)
[64/192] QD q15 version 5.96s turns=4 tools=2 items=['policies/vn/loyalty-v2'] (Σ $1.35)
[65/192] Q q16 count 8.22s turns=3 tools=1 items=['contracts/minh-phat-jsc/maintenance-202401', 'contracts/minh-phat-jsc/maintenance-202402', 'contracts/minh-phat-jsc/maintenance-202502'] (Σ $1.37)
[66/192] E q17 count 6.06s turns=4 tools=2 items=['meetings/sales/2026-04-06-launch', 'meetings/sales/2026-04-07-kpi', 'meetings/sales/2026-04-30-budget'] (Σ $1.39)
[67/192] V q16 count 9.57s turns=3 tools=1 items=['contracts/minh-phat-jsc/maintenance-202401', 'contracts/minh-phat-jsc/maintenance-202402', 'contracts/minh-phat-jsc/maintenance-202502'] (Σ $1.43)
[68/192] QD q16 count 8.63s turns=3 tools=1 items=['contracts/minh-phat-jsc/maintenance-202401', 'contracts/minh-phat-jsc/maintenance-202402', 'contracts/minh-phat-jsc/maintenance-202502'] (Σ $1.45)
[69/192] E q16 count 10.96s turns=4 tools=2 items=['contracts/minh-phat-jsc/maintenance-202401', 'contracts/minh-phat-jsc/maintenance-202402', 'contracts/minh-phat-jsc/maintenance-202502'] (Σ $1.48)
[70/192] V q17 count 6.96s turns=3 tools=1 items=['meetings/sales/2026-04-06-launch', 'meetings/sales/2026-04-07-kpi', 'meetings/sales/2026-04-30-budget'] (Σ $1.49)
[71/192] Q q17 count 6.94s turns=3 tools=1 items=['meetings/sales/2026-04-06-launch', 'meetings/sales/2026-04-07-kpi', 'meetings/sales/2026-04-30-budget'] (Σ $1.51)
[72/192] E q18 count 5.93s turns=4 tools=2 items=['sop/warehouse/receiving', 'sop/warehouse/forklift', 'sop/warehouse/damaged-goods'] (Σ $1.52)
[73/192] QD q17 count 6.56s turns=3 tools=1 items=['meetings/sales/2026-04-06-launch', 'meetings/sales/2026-04-07-kpi', 'meetings/sales/2026-04-30-budget'] (Σ $1.53)
[74/192] V q18 count 6.42s turns=4 tools=2 items=['sop/warehouse/receiving', 'sop/warehouse/forklift', 'sop/warehouse/damaged-goods'] (Σ $1.55)
[75/192] Q q18 count 5.9s turns=3 tools=1 items=['sop/warehouse/damaged-goods', 'sop/warehouse/forklift', 'sop/warehouse/hazmat'] (Σ $1.56)
[76/192] QD q18 count 6.24s turns=3 tools=1 items=['sop/warehouse/damaged-goods', 'sop/warehouse/forklift', 'sop/warehouse/hazmat'] (Σ $1.58)
[77/192] V q19 count 6.88s turns=4 tools=2 items=['policies/vn/shipping-v2', 'policies/vn/gift-wrap-v2', 'policies/vn/warranty-air-purifier-v2'] (Σ $1.59)
[78/192] E q19 count 8.31s turns=4 tools=2 items=['policies/vn/shipping-v2', 'policies/vn/gift-wrap-v2', 'policies/vn/warranty-air-purifier-v2'] (Σ $1.61)
[79/192] Q q19 count 7.5s turns=3 tools=1 items=['policies/vn/gift-wrap-v2', 'policies/vn/installment-v2', 'policies/vn/loyalty-v2'] (Σ $1.63)
[80/192] V q20 count 5.15s turns=3 tools=1 items=['faq/privacy-4', 'faq/privacy-5', 'policies/jp/privacy-v2'] (Σ $1.64)
[81/192] QD q20 count 5.14s turns=3 tools=1 items=['faq/privacy-4', 'faq/privacy-5', 'policies/jp/privacy-v2'] (Σ $1.65)
[82/192] Q q20 count 5.72s turns=3 tools=1 items=['faq/privacy-4', 'faq/privacy-5', 'policies/jp/privacy-v2'] (Σ $1.67)
[83/192] QD q19 count 8.31s turns=3 tools=1 items=['policies/vn/gift-wrap-v2', 'policies/vn/installment-v2', 'policies/vn/loyalty-v2'] (Σ $1.68)
[84/192] E q20 count 8.19s turns=4 tools=2 items=['policies/jp/privacy-v2', 'policies/vn/privacy-v1', 'policies/vn/privacy-v2'] (Σ $1.70)
[85/192] E q22 count 4.99s turns=3 tools=1 items=['sop/hr/remote-work', 'sop/hr/expense', 'sop/it/backup'] (Σ $1.71)
[86/192] Q q21 count 7.62s turns=4 tools=2 items=['contracts/acme-corp/distribution-202604', 'contracts/acme-corp/installation-202604', 'contracts/acme-corp/installation-202605'] (Σ $1.73)
[87/192] E q21 count 10.01s turns=5 tools=3 items=['contracts/acme-corp/maintenance-202505', 'contracts/acme-corp/distribution-202604', 'contracts/acme-corp/installation-202604'] (Σ $1.76)
[88/192] V q21 count 8.78s turns=4 tools=2 items=['contracts/acme-corp/distribution-202604', 'contracts/acme-corp/installation-202604', 'contracts/acme-corp/installation-202605'] (Σ $1.78)
[89/192] QD q21 count 8.59s turns=4 tools=2 items=['contracts/acme-corp/distribution-202604', 'contracts/acme-corp/installation-202604', 'contracts/acme-corp/installation-202605'] (Σ $1.80)
[90/192] V q22 count 6.04s turns=3 tools=1 items=['sop/hr/expense', 'sop/hr/remote-work', 'sop/it/backup'] (Σ $1.81)
[91/192] QD q22 count 5.23s turns=3 tools=1 items=['sop/hr/expense', 'sop/hr/remote-work', 'sop/it/backup'] (Σ $1.83)
[92/192] Q q22 count 6.42s turns=3 tools=1 items=['sop/hr/expense', 'sop/hr/remote-work', 'sop/it/backup'] (Σ $1.84)
[93/192] Q q23 count 7.56s turns=3 tools=1 items=['contracts/osaka-office-supply/installation-202505', 'contracts/osaka-office-supply/maintenance-202603', 'contracts/osaka-office-supply/maintenance-202606'] (Σ $1.86)
[94/192] V q23 count 10.35s turns=3 tools=1 items=['contracts/osaka-office-supply/installation-202505', 'contracts/osaka-office-supply/maintenance-202603', 'contracts/osaka-office-supply/maintenance-202606'] (Σ $1.90)
[95/192] QD q23 count 6.08s turns=3 tools=1 items=['contracts/osaka-office-supply/installation-202505', 'contracts/osaka-office-supply/maintenance-202603', 'contracts/osaka-office-supply/maintenance-202606'] (Σ $1.92)
[96/192] E q24 facet 7.19s turns=4 tools=2 items=['Legal', 'CS'] (Σ $1.94)
[97/192] E q23 count 13.16s turns=5 tools=3 items=['contracts/osaka-office-supply/maintenance-202603', 'contracts/osaka-office-supply/maintenance-202606', 'contracts/osaka-office-supply/installation-202505'] (Σ $1.99)
[98/192] V q24 facet 4.46s turns=3 tools=1 items=['CS', 'Legal'] (Σ $2.00)
[99/192] Q q24 facet 5.83s turns=3 tools=1 items=['CS', 'Legal'] (Σ $2.01)
[100/192] QD q24 facet 6.66s turns=3 tools=1 items=['CS', 'Legal'] (Σ $2.03)
[101/192] Q q25 facet 6.03s turns=3 tools=1 items=['ACME Corp'] (Σ $2.05)
[102/192] E q25 facet 8.77s turns=3 tools=1 items=['ACME Corp'] (Σ $2.08)
[103/192] QD q25 facet 5.75s turns=3 tools=1 items=['ACME Corp'] (Σ $2.10)
[104/192] V q25 facet 9.02s turns=3 tools=1 items=['ACME Corp'] (Σ $2.13)
[105/192] V q26 facet 6.86s turns=4 tools=2 items=['aircon', 'rice-cooker', 'fridge'] (Σ $2.15)
[106/192] E q26 facet 9.88s turns=4 tools=2 items=['rice-cooker', 'aircon', 'fridge'] (Σ $2.18)
[107/192] E q27 facet 6.75s turns=4 tools=2 items=['HR', 'IT', 'Warehouse'] (Σ $2.19)
[108/192] QD q26 facet 7.71s turns=3 tools=1 items=['rice-cooker', 'air-purifier', 'aircon'] (Σ $2.21)
[109/192] Q q26 facet 8.43s turns=5 tools=3 items=['air-purifier', 'aircon', 'fridge'] (Σ $2.23)
[110/192] V q27 facet 5.1s turns=3 tools=1 items=['HR', 'IT', 'Warehouse'] (Σ $2.24)
[111/192] Q q27 facet 5.4s turns=3 tools=1 items=['HR', 'IT', 'Warehouse'] (Σ $2.25)
[112/192] QD q27 facet 6.6s turns=3 tools=1 items=['HR', 'IT', 'Warehouse'] (Σ $2.26)
[113/192] V q28 facet 6.68s turns=3 tools=1 items=['ACME Corp', 'Minh Phat JSC', 'Saigon Hotels Group'] (Σ $2.29)
[114/192] E q28 facet 7.82s turns=4 tools=2 items=['ACME Corp', 'Minh Phat JSC', 'Tokyo Denki Retail'] (Σ $2.32)
[115/192] QD q28 facet 5.97s turns=3 tools=1 items=['ACME Corp', 'Minh Phat JSC', 'Saigon Hotels Group'] (Σ $2.34)
[116/192] Q q28 facet 8.76s turns=3 tools=1 items=['Minh Phat JSC', 'ACME Corp', 'Saigon Hotels Group'] (Σ $2.36)
[117/192] V q29 facet 6.37s turns=3 tools=1 items=['policies/jp/installment-v3', 'policies/vn/installment-v3', 'policies/vn/gift-wrap-v3'] (Σ $2.37)
[118/192] E q29 facet 7.54s turns=4 tools=2 items=['policies/jp/installment-v3', 'policies/vn/installment-v3', 'policies/vn/loyalty-v3'] (Σ $2.39)
[119/192] Q q29 facet 6.58s turns=3 tools=1 items=['policies/jp/installment-v3', 'policies/vn/installment-v3', 'policies/vn/gift-wrap-v3'] (Σ $2.40)
[120/192] QD q29 facet 7.37s turns=3 tools=1 items=['policies/jp/installment-v3', 'policies/vn/installment-v3', 'policies/vn/gift-wrap-v3'] (Σ $2.42)
[121/192] QD q30 sheet 5.53s turns=4 tools=2 items=[] (Σ $2.43)
[122/192] V q30 sheet 6.89s turns=4 tools=2 items=[] (Σ $2.46)
[123/192] E q30 sheet 9.06s turns=4 tools=2 items=[] (Σ $2.49)
[124/192] Q q30 sheet 7.89s turns=4 tools=2 items=[] (Σ $2.52)
[125/192] E q31 sheet 9.27s turns=3 tools=1 items=[] (Σ $2.57)
[126/192] QD q31 sheet 5.73s turns=4 tools=2 items=[] (Σ $2.58)
[127/192] E q32 sheet 6.87s turns=4 tools=2 items=[] (Σ $2.60)
[128/192] Q q31 sheet 8.91s turns=3 tools=1 items=[] (Σ $2.65)
[129/192] V q31 sheet 9.39s turns=3 tools=1 items=[] (Σ $2.70)
[130/192] Q q32 sheet 6.69s turns=4 tools=2 items=[] (Σ $2.73)
[131/192] V q32 sheet 7.42s turns=3 tools=1 items=[] (Σ $2.76)
[132/192] QD q32 sheet 6.35s turns=5 tools=2 items=[] (Σ $2.77)
[133/192] QD q33 sheet 6.54s turns=4 tools=2 items=['2026-06'] (Σ $2.79)
[134/192] E q34 sheet 9.67s turns=5 tools=3 items=[] (Σ $2.81)
[135/192] V q34 sheet 8.76s turns=5 tools=3 items=[] (Σ $2.83)
[136/192] E q33 sheet 22.02s turns=5 tools=3 items=['2026-06'] (Σ $2.90)
[137/192] V q33 sheet 23.54s turns=3 tools=1 items=['2026-06'] (Σ $3.00)
[138/192] Q q34 sheet 11.73s turns=6 tools=3 items=[] (Σ $3.03)
[139/192] QD q34 sheet 7.9s turns=4 tools=2 items=[] (Σ $3.04)
[140/192] Q q33 sheet 28.28s turns=7 tools=4 items=[] (Σ $3.14)
[141/192] QD q35 sheet 7.23s turns=5 tools=3 items=['SKU-AI006'] (Σ $3.16)
[142/192] E q35 sheet 13.1s turns=5 tools=3 items=['SKU-AI006'] (Σ $3.20)
[143/192] V q35 sheet 12.53s turns=5 tools=3 items=['SKU-AI006'] (Σ $3.23)
[144/192] E q36 sheet 5.32s turns=4 tools=2 items=[] (Σ $3.24)
[145/192] Q q35 sheet 11.71s turns=4 tools=2 items=['SKU-AI006'] (Σ $3.28)
[146/192] Q q36 sheet 5.63s turns=4 tools=2 items=[] (Σ $3.29)
[147/192] V q36 sheet 6.95s turns=4 tools=2 items=[] (Σ $3.30)
[148/192] QD q36 sheet 6.15s turns=4 tools=2 items=[] (Σ $3.31)
[149/192] V q37 sheet 7.15s turns=4 tools=2 items=[] (Σ $3.33)
[150/192] E q37 sheet 7.92s turns=4 tools=2 items=[] (Σ $3.34)
[151/192] Q q37 sheet 6.98s turns=4 tools=2 items=[] (Σ $3.36)
[152/192] QD q37 sheet 6.71s turns=3 tools=1 items=[] (Σ $3.37)
[153/192] E q38 sheet 7.31s turns=3 tools=1 items=[] (Σ $3.41)
[154/192] Q q38 sheet 7.61s turns=4 tools=2 items=[] (Σ $3.44)
[155/192] QD q38 sheet 6.56s turns=4 tools=2 items=[] (Σ $3.45)
[156/192] V q38 sheet 11.17s turns=3 tools=1 items=[] (Σ $3.50)
[157/192] E q39 sheet 9.64s turns=3 tools=1 items=[] (Σ $3.55)
[158/192] V q39 sheet 9.28s turns=3 tools=1 items=[] (Σ $3.60)
[159/192] QD q39 sheet 5.6s turns=4 tools=2 items=[] (Σ $3.61)
[160/192] V q40 content 5.69s turns=5 tools=3 items=['sop/warehouse/receiving'] (Σ $3.63)
[161/192] Q q39 sheet 12.03s turns=3 tools=1 items=[] (Σ $3.68)
[162/192] E q40 content 8.89s turns=5 tools=3 items=['sop/warehouse/receiving'] (Σ $3.71)
[163/192] Q q40 content 8.55s turns=5 tools=3 items=['sop/warehouse/receiving'] (Σ $3.73)
[164/192] QD q40 content 10.43s turns=5 tools=3 items=['sop/warehouse/receiving'] (Σ $3.75)
[165/192] E q41 content 6.96s turns=5 tools=3 items=[] (Σ $3.77)
[166/192] V q41 content 7.43s turns=5 tools=3 items=[] (Σ $3.79)
[167/192] Q q41 content 7.82s turns=5 tools=3 items=['sop/warehouse/stock-count'] (Σ $3.81)
[168/192] QD q41 content 6.91s turns=5 tools=3 items=['sop/warehouse/stock-count'] (Σ $3.83)
[169/192] E q42 content 5.06s turns=4 tools=2 items=['sop/warehouse/packing'] (Σ $3.84)
[170/192] V q42 content 7.63s turns=5 tools=3 items=['sop/warehouse/packing'] (Σ $3.86)
[171/192] QD q42 content 5.95s turns=4 tools=2 items=['sop/warehouse/packing'] (Σ $3.87)
[172/192] V q43 content 5.08s turns=4 tools=2 items=['sop/warehouse/forklift'] (Σ $3.88)
[173/192] E q43 content 5.92s turns=4 tools=2 items=[] (Σ $3.90)
[174/192] Q q42 content 9.74s turns=4 tools=2 items=['sop/warehouse/packing'] (Σ $3.91)
[175/192] Q q43 content 6.01s turns=5 tools=3 items=['sop/warehouse/forklift'] (Σ $3.93)
[176/192] QD q43 content 5.63s turns=4 tools=2 items=[] (Σ $3.94)
[177/192] E q44 content 6.66s turns=4 tools=2 items=['contracts/acme-corp/distribution-202604'] (Σ $3.96)
[178/192] V q44 content 7.19s turns=5 tools=3 items=[] (Σ $4.00)
[179/192] Q q44 content 7.47s turns=5 tools=3 items=['contracts/acme-corp/distribution-202604'] (Σ $4.02)
[180/192] E q45 content 5.81s turns=4 tools=2 items=['contracts/sakura-trading/distribution-202410'] (Σ $4.04)
[181/192] QD q44 content 7.28s turns=5 tools=3 items=['contracts/acme-corp/distribution-202604'] (Σ $4.05)
[182/192] Q q45 content 7.83s turns=4 tools=2 items=['contracts/sakura-trading/distribution-202410'] (Σ $4.07)
[183/192] V q45 content 8.54s turns=5 tools=3 items=['contracts/sakura-trading/distribution-202410'] (Σ $4.09)
[184/192] E q46 content 6.18s turns=4 tools=2 items=[] (Σ $4.10)
[185/192] QD q45 content 7.43s turns=4 tools=2 items=['contracts/sakura-trading/distribution-202410'] (Σ $4.12)
[186/192] V q46 content 7.18s turns=4 tools=2 items=['products/air-purifier/hk-ai659'] (Σ $4.15)
[187/192] Q q46 content 6.59s turns=4 tools=2 items=['products/air-purifier/hk-ai659'] (Σ $4.17)
[188/192] QD q46 content 7.39s turns=4 tools=2 items=[] (Σ $4.19)
[189/192] V q47 content 5.95s turns=4 tools=2 items=['products/washer/hk-wa436'] (Σ $4.22)
[190/192] E q47 content 6.89s turns=4 tools=2 items=[] (Σ $4.24)
[191/192] Q q47 content 5.89s turns=4 tools=2 items=[] (Σ $4.25)
[192/192] QD q47 content 6.01s turns=4 tools=2 items=[] (Σ $4.27)
