# Gate experiment — model=gemma-q4, data=v2

## Nhận diện ngôn ngữ query (lingua)
  ja: 100/100 đúng (100.0%)
  en: 100/100 đúng (100.0%)
  vi: 90/100 đúng (90.0%)

## Độ chính xác BM25 top-1 theo ngưỡng điểm (−bm25)
        T | precision     phủ | same-lang prec     phủ
     4.05 |     33.3%  100.0% |         31.1%   93.3%
     9.75 |     38.6%   80.3% |         37.1%   76.3%
    13.19 |     48.1%   60.3% |         45.9%   57.3%
    15.10 |     51.0%   50.3% |         48.6%   48.0%
    16.51 |     55.4%   40.3% |         53.0%   38.3%
    18.45 |     57.1%   30.3% |         54.1%   28.3%
    20.89 |     63.9%   20.3% |         60.7%   18.7%
    23.96 |     74.2%   10.3% |         72.4%    9.7%
    26.78 |     81.2%    5.3% |         81.2%    5.3%

## Kết quả theo họ cổng (R@1 held-out = trung bình 2-fold; full = tối ưu trên toàn bộ, lạc quan)
  cổng                                     held-out  full R@1      MRR  tham số tốt nhất (full)
  dense (không BM25)                          84.7%     84.7%    0.905  None beta=0
  abs: bm25≥T                                 85.0%     85.0%    0.908  Abs { t: 26.777880146393308 } beta=0.3
  abs + cùng ngôn ngữ                         85.0%     85.0%    0.908  Abs { t: 26.777880146393308 } beta=0.3
  top1 tự tin: bm25≥T & top1/top2≥R           84.0%     85.0%    0.908  Top1Conf { t: 26.777880146393308, r: 1.5 } beta=0.3
  top1 tự tin + cùng ngôn ngữ                 84.3%     85.0%    0.908  Top1Conf { t: 26.777880146393308, r: 1.5 } beta=0.3
  độ phủ IDF ≥ C                              84.7%     85.0%    0.907  Cov { c: 0.8 } beta=0.06
  độ phủ IDF ≥ C + cùng ngôn ngữ              84.3%     84.7%    0.905  Cov { c: 0.9 } beta=0.3
  độ phủ IDF mềm                              84.0%     85.0%    0.908  CovSoft { c: 0.4 } beta=0.04
  độ phủ IDF mềm + cùng ngôn ngữ              84.0%     85.0%    0.907  CovSoft { c: 0.4 } beta=0.02

## Query có định danh (21 câu, vd: API production bị lỗi 429 thì chờ bao lâu, giới hạn bao nhiêu request mỗi phút | noi com dien bao E3 | rice cooker shows E2): dense R@1=90.5%  BM25 R@1=33.3%  cổng tốt nhất (full) trên nhóm này=90.5%

  Trần (dense top-1 đúng HOẶC BM25 top-1 đúng): 86.7%
