---
source: crates/okfkit-query/tests/read.rs
expression: "get(&idx, &get_req, &all).unwrap().to_text()"
---
# Revenue

# Definition

Revenue for a fiscal year is the sum of `net_amount` over orders that (a) reached `order_status = 'delivered'`, (b) completed the 30-day return window, and (c) fall in the fiscal year by `order_ts`. Multi-currency orders are converted to USD at the `order_ts` daily reference rate. [^revenue-policy]

The sanctioned computation is [`computations/revenue-ytd.md`](../computations/revenue-ytd.md). Consumers MUST run and attest that computation rather than composing their own SUM. The attester rejects any receipt whose executed SQL does not match the sanctioned form.

# Reporting cuts

- **By fiscal year:** the sanctioned computation takes `year` as its sole parameter.


[truncated at ~172 tokens of 599; request a `section`. Headings: Definition | Reporting cuts | Trust and freshness]
