---
source: crates/okbase-skills/tests/install.rs
expression: "skills[1].content"
---
---
name: okbase-curate
description: Maintain and improve the knowledge bundle at /srv/kb: fix lint findings, rewrite weak descriptions, keep index.md, tags and status current. Use when asked to clean up, curate, review or raise the quality level of the bundle.
---

# Curating the knowledge bundle

The bundle at `/srv/kb` is plain markdown with YAML frontmatter (OKF). You improve it by editing files; okbase tells you what to fix.

## Steps

1. **Find the work.** Run `okbase --bundle /srv/kb lint --level L2 --json`. Each diagnostic has `path`, `line`, `rule` and `message`. Warnings with rule `unreviewed-generated` list fields that okbase filled in automatically.
2. **Fix in this order** (most impact on answer quality first):
   1. `missing-description`, `description-too-short`, `description-repeats-title`, and generated descriptions: read the document and write **one specific sentence** saying what it covers and for whom. Mention the key terms a reader would search for. No marketing, no "This document…".
   2. `missing-index` and `stale-index`: run `okbase --bundle /srv/kb lint --fix-safe` to create missing index.md files; for stale ones add the missing entries as `* [Title](file.md) - description`.
   3. `missing-tags`, `unknown-tag`, `non-canonical-tag`: use tags from `_meta/vocabulary.md` (`okbase … lint --fix-safe` replaces synonyms). Propose new vocabulary terms instead of inventing one-off tags; without a vocabulary, start from `okbase --bundle /srv/kb vocab --suggest` and add translations as synonyms.
   4. `missing-status`, `superseded-still-stable`, `unknown-supersedes`: the newest version is `stable` and lists the old ids in `supersedes`; old versions become `deprecated`.
   5. Near-duplicate content: keep one canonical page and link to it from the others; do not delete the others' unique content.
3. **Edit carefully.** Change only the frontmatter keys you mean to change; keep every other key, its order and comments. Never delete content.
4. **Record what you did.** When you write or rewrite a value, update `generated` to `{by: "<your agent and model>", at: "<today>"}`; remove a field from `generated.fields` once a person has confirmed it, or add `verified: {by: "human:<name>", at: "<today>"}` when they say so.
5. **Check.** Run lint again and repeat until the target level has no errors. Add a dated entry to `log.md` (`## YYYY-MM-DD` then `* **Update**: …`).
