indexed: 0 added, 0 updated, 0 removed, 301 unchanged
index: /home/beebiz/workspace/okbase/spikes/acceptance-v0.1/work/state/index.sqlite
1/60 O q0 $0.039 7.09s
2/60 OS q0 $0.070 10.28s
3/60 OS q1 $0.062 6.42s
4/60 O q1 $0.043 6.84s
5/60 O q2 $0.043 7.77s
6/60 OS q2 $0.065 8.33s
7/60 O q3 $0.027 6.21s
8/60 OS q3 $0.042 7.05s
9/60 O q4 $0.018 7.17s
10/60 OS q4 $0.041 7.21s
11/60 O q5 $0.022 7.38s
12/60 OS q5 $0.041 7.36s
13/60 O q7 $0.026 6.96s
14/60 OS q7 $0.056 7.48s
15/60 O q6 $0.063 14.2s
16/60 OS q6 $0.102 16.88s
17/60 O q8 $0.020 6.02s
18/60 OS q8 $0.035 6.28s
19/60 O q9 $0.020 8.2s
20/60 O q10 $0.021 7.47s
21/60 OS q9 $0.036 8.85s
22/60 OS q10 $0.037 6.84s
23/60 O q11 $0.017 8.67s
24/60 O q12 $0.027 6.84s
25/60 OS q11 $0.035 8.5s
26/60 OS q12 $0.047 9.57s
27/60 O q13 $0.036 9.31s
28/60 O q14 $0.020 8.91s
29/60 OS q14 $0.035 7.2s
30/60 OS q13 $0.062 12.9s
31/60 O q15 $0.013 6.24s
32/60 O q16 $0.023 5.38s
33/60 OS q15 $0.027 6.56s
34/60 OS q16 $0.036 7.63s
35/60 O q17 $0.024 7.21s
36/60 O q18 $0.024 7.67s
37/60 OS q17 $0.039 8.21s
38/60 O q19 $0.023 6.08s
39/60 OS q18 $0.038 6.87s
40/60 O q20 $0.025 6.79s
41/60 OS q19 $0.039 6.93s
42/60 OS q20 $0.043 7.91s
43/60 O q21 $0.034 8.32s
44/60 O q22 $0.033 6.95s
45/60 OS q21 $0.037 8.94s
46/60 OS q22 $0.052 8.35s
47/60 O q23 $0.069 9.16s
48/60 OS q23 $0.085 9.96s
49/60 O q24 $0.025 8.21s
50/60 OS q24 $0.041 6.2s
51/60 O q25 $0.025 6.65s
52/60 O q26 $0.011 4.42s
53/60 OS q25 $0.031 7.1s
54/60 OS q26 $0.035 6.91s
55/60 O q27 $0.036 10.83s
56/60 O q28 $0.033 9.12s
57/60 OS q27 $0.059 11.65s
58/60 OS q28 $0.042 9.37s
59/60 O q29 $0.029 7.53s
60/60 OS q29 $0.044 8.66s
judged 12/58
judged 24/58
judged 36/58
judged 48/58
judged 58/58

| Config | Correct | Facts | Turns (mean) | Tool calls (mean) | kb_query used | Cost (mean) |
|---|---|---|---|---|---|---|
| O | 28/30 (93%) | 96% | 4.6 | 2.5 | 0 | $0.029 |
| OS | 27/30 (90%) | 96% | 4.8 | 2.7 | 0 | $0.047 |

Target (HANDOFF T11): >= 93% on bundle L (okf-scale G2 = 93%).
