---
source: crates/okfkit-skills/tests/install.rs
expression: "skills[4].content"
---
---
name: okfkit-setup
description: Set up, repair, extend or remove okfkit for the knowledge bundle at /srv/kb (connect agents, enable semantic search, add another bundle, fix broken tools after a move or upgrade, uninstall). Use when the user asks to install, configure, fix or remove okfkit, or when the okfkit tools fail.
---

# Setting up okfkit

okfkit plans the setup from the real state of the machine; you carry it out and the user decides.

1. **Plan.** Run `okfkit -b /srv/kb onboard --json` (or `--goal curate`, `--goal remove`). Read `steps` in order; `done` lists what is already in place.
2. **Do the first step.** `run`: run its commands. `ask`: ask the user its `question` verbatim and wait; run only the commands of the option they choose. `tell`: tell the user.
3. **Repeat** step 1 until `steps` is empty. Finished steps move to `done`.
4. **Consent rules.** Never add `--accept-license`, `--yes`, `--write`, `--force`, `--replace` or `--send-documents` on your own. A command that exits with code 3 needs the user's consent: relay its `error.question`, and on yes run `error.next`. Never edit documents without asking.
5. **Verify.** `okfkit -b /srv/kb doctor` must report `ok: true` (it starts the MCP server for real). Then ask the user to restart the agent session so new tools load.

Inside Codex, its sandbox keeps `.codex/` read-only: okfkit cannot connect Codex from there (`onboard` shows a `tell` step; `agent install --codex` exits 3 with `sandbox_blocked`). Ask the user to run `okfkit agent install --codex` in their own terminal; meanwhile use the okfkit CLI.

Another bundle in the same project: `okfkit -b <other folder> agent install --name okfkit-<short name>` (its tools get their own prefix). The full contract: `okfkit help --agent`.
