[1/96] K q0 8.18s turns=4 tools=2 (Σ $0.06)
[2/96] KS q0 9.35s turns=5 tools=3 (Σ $0.12)
[3/96] K q1 8.96s turns=3 tools=1 (Σ $0.15)
[4/96] KS q2 10.44s turns=5 tools=3 (Σ $0.20)
[5/96] K q2 10.5s turns=5 tools=3 (Σ $0.25)
[6/96] KS q1 11.65s turns=3 tools=1 (Σ $0.34)
[7/96] K q3 19.19s turns=3 tools=1 (Σ $0.41)
[8/96] KS q3 21.52s turns=3 tools=1 (Σ $0.50)
[9/96] K q4 21.83s turns=5 tools=3 (Σ $0.68)
[10/96] KS q4 23.1s turns=4 tools=2 (Σ $0.86)
[11/96] K q5 18.28s turns=5 tools=3 (Σ $0.94)
[12/96] K q6 14.35s turns=4 tools=2 (Σ $1.04)
[13/96] KS q5 18.34s turns=6 tools=4 (Σ $1.16)
[14/96] KS q6 15.74s turns=4 tools=2 (Σ $1.28)
[15/96] K q8 9.55s turns=6 tools=4 (Σ $1.30)
[16/96] KS q8 10.07s turns=7 tools=4 (Σ $1.37)
[17/96] K q7 15.3s turns=3 tools=1 (Σ $1.42)
[18/96] KS q7 16.02s turns=3 tools=1 (Σ $1.50)
[19/96] K q9 6.79s turns=4 tools=2 (Σ $1.52)
[20/96] K q10 8.4s turns=6 tools=4 (Σ $1.55)
[21/96] KS q9 10.67s turns=5 tools=3 (Σ $1.59)
[22/96] KS q10 11.14s turns=6 tools=4 (Σ $1.63)
[23/96] K q11 8.89s turns=6 tools=4 (Σ $1.66)
[24/96] K q12 7.6s turns=5 tools=3 (Σ $1.69)
[25/96] KS q11 9.21s turns=6 tools=4 (Σ $1.73)
[26/96] KS q12 8.88s turns=6 tools=4 (Σ $1.78)
[27/96] K q13 9.57s turns=6 tools=4 (Σ $1.81)
[28/96] K q14 9.62s turns=7 tools=5 (Σ $1.84)
[29/96] KS q13 10.89s turns=7 tools=5 (Σ $1.90)
[30/96] KS q14 9.1s turns=6 tools=4 (Σ $1.95)
[31/96] K q15 7.3s turns=5 tools=2 (Σ $1.98)
[32/96] K q16 6.58s turns=4 tools=2 (Σ $2.06)
[33/96] KS q15 9.48s turns=8 tools=5 (Σ $2.12)
[34/96] K q17 7.55s turns=3 tools=1 (Σ $2.14)
[35/96] KS q16 10.3s turns=4 tools=2 (Σ $2.24)
[36/96] KS q17 8.09s turns=3 tools=1 (Σ $2.28)
[37/96] K q18 6.91s turns=4 tools=2 (Σ $2.34)
[38/96] KS q18 8.24s turns=4 tools=2 (Σ $2.42)
[39/96] K q19 8.2s turns=3 tools=1 (Σ $2.44)
[40/96] K q20 5.93s turns=3 tools=1 (Σ $2.46)
[41/96] KS q19 9.11s turns=3 tools=1 (Σ $2.50)
[42/96] KS q20 8.43s turns=4 tools=2 (Σ $2.54)
[43/96] K q21 7.41s turns=4 tools=2 (Σ $2.57)
[44/96] KS q21 7.69s turns=4 tools=2 (Σ $2.61)
[45/96] K q22 7.99s turns=3 tools=1 (Σ $2.66)
[46/96] KS q22 6.44s turns=3 tools=1 (Σ $2.71)
[47/96] K q23 9.54s turns=4 tools=2 (Σ $2.80)
[48/96] KS q23 8.38s turns=3 tools=1 (Σ $2.90)
[49/96] K q24 7.2s turns=3 tools=1 (Σ $2.92)
[50/96] KS q24 6.68s turns=3 tools=1 (Σ $2.96)
[51/96] K q25 6.14s turns=4 tools=1 (Σ $3.05)
[52/96] KS q25 6.94s turns=4 tools=1 (Σ $3.16)
[53/96] K q26 10.06s turns=5 tools=3 (Σ $3.21)
[54/96] K q27 5.36s turns=3 tools=1 (Σ $3.24)
[55/96] KS q27 5.86s turns=3 tools=1 (Σ $3.29)
[56/96] KS q26 12.88s turns=7 tools=5 (Σ $3.36)
[57/96] K q29 8.62s turns=3 tools=1 (Σ $3.38)
[58/96] KS q29 9.22s turns=3 tools=1 (Σ $3.43)
[59/96] K q30 5.67s turns=4 tools=2 (Σ $3.44)
[60/96] KS q28 16.54s turns=4 tools=2 (Σ $3.57)
[61/96] KS q30 6.56s turns=4 tools=2 (Σ $3.60)
[62/96] K q31 5.06s turns=4 tools=2 (Σ $3.62)
[1/96] K q0 8.18s turns=4 tools=2 (Σ $0.06)
[2/96] KS q0 9.35s turns=5 tools=3 (Σ $0.12)
[3/96] K q1 8.96s turns=3 tools=1 (Σ $0.15)
[4/96] K q3 19.19s turns=3 tools=1 (Σ $0.23)
[5/96] KS q1 11.65s turns=3 tools=1 (Σ $0.32)
[6/96] K q2 10.5s turns=5 tools=3 (Σ $0.37)
[7/96] K q4 21.83s turns=5 tools=3 (Σ $0.54)
[8/96] K q5 18.28s turns=5 tools=3 (Σ $0.62)
[9/96] KS q3 21.52s turns=3 tools=1 (Σ $0.71)
[10/96] KS q5 18.34s turns=6 tools=4 (Σ $0.83)
[11/96] KS q2 10.44s turns=5 tools=3 (Σ $0.88)
[12/96] KS q6 15.74s turns=4 tools=2 (Σ $0.99)
[13/96] K q6 14.35s turns=4 tools=2 (Σ $1.09)
[14/96] KS q4 23.1s turns=4 tools=2 (Σ $1.28)
[15/96] K q7 15.3s turns=3 tools=1 (Σ $1.33)
[16/96] K q9 6.79s turns=4 tools=2 (Σ $1.34)
[17/96] KS q7 16.02s turns=3 tools=1 (Σ $1.43)
[18/96] KS q8 10.07s turns=7 tools=4 (Σ $1.49)
[19/96] K q10 8.4s turns=6 tools=4 (Σ $1.52)
[20/96] KS q9 10.67s turns=5 tools=3 (Σ $1.56)
[21/96] K q8 9.55s turns=6 tools=4 (Σ $1.59)
[22/96] K q11 8.89s turns=6 tools=4 (Σ $1.62)
[23/96] KS q10 11.14s turns=6 tools=4 (Σ $1.66)
[24/96] KS q12 8.88s turns=6 tools=4 (Σ $1.71)
[25/96] K q13 9.57s turns=6 tools=4 (Σ $1.73)
[26/96] KS q11 9.21s turns=6 tools=4 (Σ $1.78)
[27/96] K q14 9.62s turns=7 tools=5 (Σ $1.82)
[28/96] K q12 7.6s turns=5 tools=3 (Σ $1.84)
[29/96] KS q15 9.48s turns=8 tools=5 (Σ $1.89)
[30/96] KS q13 10.89s turns=7 tools=5 (Σ $1.95)
[31/96] KS q16 10.3s turns=4 tools=2 (Σ $2.05)
[32/96] K q16 6.58s turns=4 tools=2 (Σ $2.14)
[33/96] K q15 7.3s turns=5 tools=2 (Σ $2.16)
[34/96] KS q14 9.1s turns=6 tools=4 (Σ $2.21)
[35/96] K q17 7.55s turns=3 tools=1 (Σ $2.24)
[36/96] KS q18 8.24s turns=4 tools=2 (Σ $2.32)
[37/96] KS q17 8.09s turns=3 tools=1 (Σ $2.36)
[38/96] K q19 8.2s turns=3 tools=1 (Σ $2.38)
[39/96] K q18 6.91s turns=4 tools=2 (Σ $2.44)
[40/96] KS q19 9.11s turns=3 tools=1 (Σ $2.48)
[41/96] KS q20 8.43s turns=4 tools=2 (Σ $2.52)
[42/96] K q20 5.93s turns=3 tools=1 (Σ $2.54)
[43/96] KS q21 7.69s turns=4 tools=2 (Σ $2.59)
[44/96] K q22 7.99s turns=3 tools=1 (Σ $2.64)
[45/96] K q23 9.54s turns=4 tools=2 (Σ $2.73)
[46/96] KS q23 8.38s turns=3 tools=1 (Σ $2.82)
[47/96] KS q22 6.44s turns=3 tools=1 (Σ $2.87)
[48/96] K q21 7.41s turns=4 tools=2 (Σ $2.90)
[49/96] KS q25 6.94s turns=4 tools=1 (Σ $3.01)
[50/96] KS q24 6.68s turns=3 tools=1 (Σ $3.05)
[51/96] K q26 10.06s turns=5 tools=3 (Σ $3.09)
[52/96] K q24 7.2s turns=3 tools=1 (Σ $3.12)
[53/96] KS q26 12.88s turns=7 tools=5 (Σ $3.19)
[54/96] K q25 6.14s turns=4 tools=1 (Σ $3.28)
[55/96] K q27 5.36s turns=3 tools=1 (Σ $3.31)
[56/96] KS q28 16.54s turns=4 tools=2 (Σ $3.44)
[57/96] K q29 8.62s turns=3 tools=1 (Σ $3.46)
[58/96] KS q27 5.86s turns=3 tools=1 (Σ $3.51)
[59/96] KS q29 9.22s turns=3 tools=1 (Σ $3.55)
[60/96] K q30 5.67s turns=4 tools=2 (Σ $3.57)
[61/96] KS q30 6.56s turns=4 tools=2 (Σ $3.60)
[62/96] K q31 5.06s turns=4 tools=2 (Σ $3.62)
[63/96] K q32 6.09s turns=4 tools=2 (Σ $3.63)
[64/96] KS q31 6.62s turns=4 tools=2 (Σ $3.64)
[65/96] K q33 6.9s turns=4 tools=2 (Σ $3.66)
[66/96] KS q33 7.49s turns=5 tools=2 (Σ $3.70)
[67/96] K q28 19.48s turns=5 tools=3 (Σ $3.84)
[68/96] K q34 7.62s turns=4 tools=2 (Σ $3.86)
[69/96] KS q34 6.84s turns=4 tools=2 (Σ $3.89)
[70/96] KS q32 24.5s turns=5 tools=3 (Σ $4.03)
[71/96] K q35 8.73s turns=5 tools=3 (Σ $4.05)
[72/96] K q36 8.31s turns=5 tools=2 (Σ $4.07)
[73/96] KS q35 8.94s turns=5 tools=3 (Σ $4.11)
[74/96] KS q36 6.23s turns=3 tools=1 (Σ $4.14)
[75/96] K q37 4.29s turns=3 tools=1 (Σ $4.15)
[76/96] KS q37 4.33s turns=3 tools=1 (Σ $4.18)
[77/96] K q38 5.82s turns=4 tools=2 (Σ $4.19)
[78/96] KS q38 5.71s turns=4 tools=2 (Σ $4.22)
[79/96] K q39 5.96s turns=4 tools=2 (Σ $4.24)
[80/96] KS q39 9.19s turns=6 tools=4 (Σ $4.28)
[81/96] K q40 11.14s turns=7 tools=5 (Σ $4.32)
[82/96] KS q40 12.71s turns=7 tools=5 (Σ $4.37)
[83/96] K q42 8.94s turns=5 tools=3 (Σ $4.40)
[84/96] K q41 17.36s turns=8 tools=6 (Σ $4.45)
[85/96] KS q41 17.34s turns=9 tools=7 (Σ $4.51)
[86/96] KS q42 11.2s turns=5 tools=3 (Σ $4.56)
[87/96] K q43 7.56s turns=5 tools=3 (Σ $4.59)
[88/96] KS q43 11.34s turns=7 tools=5 (Σ $4.64)
[89/96] K q44 8.87s turns=6 tools=4 (Σ $4.67)
[90/96] K q45 7.63s turns=4 tools=2 (Σ $4.69)
[91/96] KS q44 11.07s turns=6 tools=4 (Σ $4.74)
[92/96] KS q45 9.36s turns=6 tools=4 (Σ $4.79)
[93/96] K q46 7.9s turns=5 tools=3 (Σ $4.81)
[94/96] K q47 7.03s turns=5 tools=3 (Σ $4.84)
[95/96] KS q46 8.13s turns=5 tools=3 (Σ $4.88)
[96/96] KS q47 6.65s turns=5 tools=3 (Σ $4.93)
[1/60] R q0 6.84s turns=4 tools=2 (Σ $0.04)
[2/60] A q0 8.12s turns=4 tools=2 (Σ $0.07)
[3/60] R q2 5.5s turns=4 tools=2 (Σ $0.09)
[4/60] R q1 5.7s turns=4 tools=2 (Σ $0.11)
[5/60] A q1 5.93s turns=4 tools=2 (Σ $0.13)
[6/60] A q2 6.12s turns=5 tools=3 (Σ $0.15)
[7/60] R q3 5.84s turns=4 tools=2 (Σ $0.17)
[8/60] A q4 6.05s turns=4 tools=2 (Σ $0.19)
[9/60] R q4 6.25s turns=4 tools=2 (Σ $0.21)
[10/60] A q3 7.14s turns=4 tools=2 (Σ $0.23)
[11/60] A q5 6.8s turns=5 tools=3 (Σ $0.25)
[12/60] R q5 8.19s turns=7 tools=5 (Σ $0.28)
[13/60] A q6 6.92s turns=4 tools=2 (Σ $0.30)
[14/60] R q6 9.1s turns=5 tools=3 (Σ $0.32)
[15/60] R q7 6.04s turns=5 tools=3 (Σ $0.35)
[16/60] A q7 5.99s turns=5 tools=3 (Σ $0.36)
[17/60] R q8 6.06s turns=4 tools=2 (Σ $0.38)
[18/60] A q8 5.07s turns=3 tools=1 (Σ $0.40)
[19/60] R q9 6.55s turns=5 tools=3 (Σ $0.42)
[20/60] R q10 6.03s turns=4 tools=2 (Σ $0.45)
[21/60] A q10 5.88s turns=4 tools=2 (Σ $0.47)
[22/60] A q9 7.38s turns=5 tools=3 (Σ $0.49)
[23/60] R q11 5.44s turns=4 tools=2 (Σ $0.50)
[24/60] A q11 5.83s turns=4 tools=2 (Σ $0.52)
[25/60] R q12 7.99s turns=4 tools=2 (Σ $0.54)
[26/60] A q12 7.93s turns=5 tools=3 (Σ $0.56)
[27/60] R q13 5.77s turns=5 tools=3 (Σ $0.58)
[28/60] A q13 5.51s turns=5 tools=3 (Σ $0.61)
[29/60] R q14 6.1s turns=4 tools=2 (Σ $0.63)
[30/60] A q14 7.02s turns=4 tools=2 (Σ $0.65)
[31/60] R q15 5.88s turns=4 tools=2 (Σ $0.67)
[32/60] A q15 6.53s turns=4 tools=2 (Σ $0.68)
[33/60] R q16 5.2s turns=4 tools=2 (Σ $0.70)
[34/60] A q16 5.3s turns=4 tools=2 (Σ $0.72)
[35/60] R q17 5.48s turns=4 tools=2 (Σ $0.74)
[36/60] A q17 5.54s turns=4 tools=2 (Σ $0.76)
[37/60] A q18 5.17s turns=3 tools=1 (Σ $0.78)
[38/60] R q18 7.55s turns=4 tools=2 (Σ $0.81)
[39/60] A q19 4.49s turns=3 tools=1 (Σ $0.83)
[40/60] R q19 5.85s turns=5 tools=3 (Σ $0.85)
[41/60] R q20 6.05s turns=5 tools=3 (Σ $0.86)
[42/60] A q20 7.55s turns=5 tools=3 (Σ $0.89)
[43/60] R q21 7.23s turns=5 tools=3 (Σ $0.91)
[44/60] A q21 8.1s turns=5 tools=3 (Σ $0.92)
[45/60] R q22 7.28s turns=5 tools=3 (Σ $0.96)
[46/60] A q22 8.06s turns=4 tools=2 (Σ $0.99)
[47/60] R q23 10.25s turns=6 tools=4 (Σ $1.08)
[48/60] A q23 9.36s turns=6 tools=4 (Σ $1.20)
[49/60] R q24 6.75s turns=4 tools=2 (Σ $1.22)
[50/60] A q24 6.43s turns=4 tools=2 (Σ $1.25)
[51/60] R q26 4.16s turns=4 tools=2 (Σ $1.26)
[52/60] R q25 5.52s turns=5 tools=3 (Σ $1.28)
[53/60] A q25 7.45s turns=5 tools=3 (Σ $1.31)
[54/60] A q26 4.35s turns=4 tools=2 (Σ $1.32)
[55/60] R q27 5.94s turns=4 tools=2 (Σ $1.34)
[56/60] R q28 4.22s turns=3 tools=1 (Σ $1.35)
[57/60] A q27 7.67s turns=4 tools=2 (Σ $1.36)
[58/60] A q28 5.23s turns=3 tools=1 (Σ $1.38)
[59/60] R q29 8.41s turns=6 tools=4 (Σ $1.40)
[60/60] A q29 8.65s turns=6 tools=4 (Σ $1.43)
judged 12/80
judged 24/80
judged 36/80
judged 48/80
judged 60/80
judged 72/80
judged 80/80
judged 12/60
judged 24/60
judged 36/60
judged 48/60
judged 60/60
## biz-meta ×20 (48 questions)

| Category | K | KS |
|---|---|---|
| list | 8/8 | 8/8 |
| version | 8/8 | 7/8 |
| count | 8/8 | 8/8 |
| facet | 4/6 | 4/6 |
| sheet | 9/10 | 10/10 |
| content | 7/8 | 8/8 |
| all | 44/48 | 45/48 |
| kb_query used (runs) | 30 | 30 |
| data_query used on sheet questions | 10 | 9 |
| Skill invoked (runs) | 0 | 0 |
| mean cost | $0.041 | $0.061 |
| mean turns | 4.5 | 4.8 |
| mean wall time | 9s | 11s |

## S8 adopt (okf-scale L, 30 questions, Read/Grep/Glob)

| Metric | A | R |
|---|---|---|
| correct | 29/30 | 29/30 |
| mean tool calls | 2.3 | 2.5 |
| mean cost | $0.024 | $0.024 |
| mean wall time | 7s | 6s |

